268443328
268442816
268443840
268443320
268443336
268467400
268466888
268467912
268467392
268467408
268440168
268439656
268440680
268440160
268440176
268459032
268458520
268459544
268459024
268459040
268438600
268438088
268439112
268438592
268438608
268444064
268443552
268444576
268444056
268444072
268452464
268451952
268452976
268452456
268452472
268449104
268448592
268449616
268449096
268449112
268436720
268436208
268437232
268436712
268436728
268452080
268451568
268452592
268452072
268452088
268448512
268448000
268449024
268448504
268448520
268454504
268453992
268455016
268454496
268454512
268465584
268465072
268466096
268465576
268465592
268448816
268448304
268449328
268448808
268448824
268451960
268451448
268452472
268451952
268451968
268460560
268460048
268461072
268460552
268460568
268458640
268458128
268459152
268458632
268458648
268453080
268452568
268453592
268453072
268453088
268451792
268451280
268452304
268451784
268451800
268465864
268465352
268466376
268465856
268465872
268459584
268459072
268460096
268459576
268459592
268457608
268457096
268458120
268457600
268457616
268439464
268438952
268439976
268439456
268439472
268438216
268437704
268438728
268438208
268438224
268456368
268455856
268456880
268456360
268456376
268448312
268447800
268448824
268448304
268448320
268457504
268456992
268458016
268457496
268457512
268446848
268446336
268447360
268446840
268446856
268458544
268458032
268459056
268458536
268458552
268452304
268451792
268452816
268452296
268452312
268457232
268456720
268457744
268457224
268457240
268465264
268464752
268465776
268465256
268465272
268455328
268454816
268455840
268455320
268455336
268440888
268440376
268441400
268440880
268440896
268438296
268437784
268438808
268438288
268438304
268466712
268466200
268467224
268466704
268466720
268452200
268451688
268452712
268452192
268452208
268442192
268441680
268442704
268442184
268442200
268467136
268466624
268467648
268467128
268467144
268455152
268454640
268455664
268455144
268455160
268459824
268459312
268460336
268459816
268459832
268464872
268464360
268465384
268464864
268464880
268445472
268444960
268445984
268445464
268445480
268447672
268447160
268448184
268447664
268447680
268464864
268464352
268465376
268464856
268464872
268440152
268439640
268440664
268440144
268440160
268460856
268460344
268461368
268460848
268460864
268439320
268438808
268439832
268439312
268439328
268458664
268458152
268459176
268458656
268458672
268458680
268458168
268459192
268458672
268458688
268467024
268466512
268467536
268467016
268467032
268463360
268462848
268463872
268463352
268463368
268452672
268452160
268453184
268452664
268452680
268442272
268441760
268442784
268442264
268442280
268440760
268440248
268441272
268440752
268440768
268453016
268452504
268453528
268453008
268453024
268452696
268452184
268453208
268452688
268452704
268438432
268437920
268438944
268438424
268438440
268465592
268465080
268466104
268465584
268465600
268452824
268452312
268453336
268452816
268452832
268458776
268458264
268459288
268458768
268458784
268443320
268442808
268443832
268443312
268443328
268444120
268443608
268444632
268444112
268444128
268436120
268435608
268436632
268436112
268436128
268446840
268446328
268447352
268446832
268446848
268444696
268444184
268445208
268444688
268444704
268449928
268449416
268450440
268449920
268449936
268448416
268447904
268448928
268448408
268448424
268463472
268462960
268463984
268463464
268463480
268465368
268464856
268465880
268465360
268465376
268441944
268441432
268442456
268441936
268441952
268448832
268448320
268449344
268448824
268448840
268441568
268441056
268442080
268441560
268441576
268457912
268457400
268458424
268457904
268457920
268436584
268436072
268437096
268436576
268436592
268461144
268460632
268461656
268461136
268461152
268445760
268445248
268446272
268445752
268445768
268436376
268435864
268436888
268436368
268436384
268460744
268460232
268461256
268460736
268460752
268447152
268446640
268447664
268447144
268447160
268441384
268440872
268441896
268441376
268441392
268450256
268449744
268450768
268450248
268450264
268443208
268442696
268443720
268443200
268443216
268449576
268449064
268450088
268449568
268449584
268450520
268450008
268451032
268450512
268450528
268449328
268448816
268449840
268449320
268449336
268454952
268454440
268455464
268454944
268454960
268445552
268445040
268446064
268445544
268445560
268439064
268438552
268439576
268439056
268439072
268438872
268438360
268439384
268438864
268438880
268439432
268438920
268439944
268439424
268439440
268453136
268452624
268453648
268453128
268453144
268447824
268447312
268448336
268447816
268447832
268462560
268462048
268463072
268462552
268462568
268452608
268452096
268453120
268452600
268452616
268459088
268458576
268459600
268459080
268459096
268455464
268454952
268455976
268455456
268455472
268442128
268441616
268442640
268442120
268442136
268465736
268465224
268466248
268465728
268465744
268446920
268446408
268447432
268446912
268446928
268457768
268457256
268458280
268457760
268457776
268439936
268439424
268440448
268439928
268439944
268445880
268445368
268446392
268445872
268445888
268446704
268446192
268447216
268446696
268446712
268447752
268447240
268448264
268447744
268447760
268457392
268456880
268457904
268457384
268457400
268451952
268451440
268452464
268451944
268451960
268437960
268437448
268438472
268437952
268437968
268455960
268455448
268456472
268455952
268455968
268465136
268464624
268465648
268465128
268465144
268464520
268464008
268465032
268464512
268464528
268462504
268461992
268463016
268462496
268462512
268455008
268454496
268455520
268455000
268455016
268441776
268441264
268442288
268441768
268441784
268450024
268449512
268450536
268450016
268450032
268439600
268439088
268440112
268439592
268439608
268442424
268441912
268442936
268442416
268442432
268443392
268442880
268443904
268443384
268443400
268462328
268461816
268462840
268462320
268462336
268461648
268461136
268462160
268461640
268461656
268448320
268447808
268448832
268448312
268448328
268439344
268438832
268439856
268439336
268439352
268459752
268459240
268460264
268459744
268459760
268457032
268456520
268457544
268457024
268457040
268459752
268459240
268460264
268459744
268459760
268452728
268452216
268453240
268452720
268452736
268438896
268438384
268439408
268438888
268438904
268466424
268465912
268466936
268466416
268466432
268454608
268454096
268455120
268454600
268454616
268462784
268462272
268463296
268462776
268462792
268450936
268450424
268451448
268450928
268450944
268437608
268437096
268438120
268437600
268437616
268437736
268437224
268438248
268437728
268437744
268439608
268439096
268440120
268439600
268439616
268443000
268442488
268443512
268442992
268443008
268436336
268435824
268436848
268436328
268436344
268455744
268455232
268456256
268455736
268455752
268465680
268465168
268466192
268465672
268465688
268457152
268456640
268457664
268457144
268457160
268463328
268462816
268463840
268463320
268463336
268452912
268452400
268453424
268452904
268452920
268467584
268467072
268468096
268467576
268467592
268460856
268460344
268461368
268460848
268460864
268452776
268452264
268453288
268452768
268452784
268459304
268458792
268459816
268459296
268459312
268442376
268441864
268442888
268442368
268442384
268443304
268442792
268443816
268443296
268443312
268453064
268452552
268453576
268453056
268453072
268460304
268459792
268460816
268460296
268460312
268457064
268456552
268457576
268457056
268457072
268436120
268435608
268436632
268436112
268436128
268456088
268455576
268456600
268456080
268456096
268465712
268465200
268466224
268465704
268465720
268460200
268459688
268460712
268460192
268460208
268466648
268466136
268467160
268466640
268466656
268448888
268448376
268449400
268448880
268448896
268456600
268456088
268457112
268456592
268456608
268438816
268438304
268439328
268438808
268438824
268449664
268449152
268450176
268449656
268449672
268448160
268447648
268448672
268448152
268448168
268467072
268466560
268467584
268467064
268467080
268463784
268463272
268464296
268463776
268463792
268453024
268452512
268453536
268453016
268453032
268456880
268456368
268457392
268456872
268456888
268467384
268466872
268467896
268467376
268467392
268462032
268461520
268462544
268462024
268462040
268445520
268445008
268446032
268445512
268445528
268463672
268463160
268464184
268463664
268463680
268442368
268441856
268442880
268442360
268442376
268447944
268447432
268448456
268447936
268447952
268467504
268466992
268468016
268467496
268467512
268464088
268463576
268464600
268464080
268464096
268445808
268445296
268446320
268445800
268445816
268445392
268444880
268445904
268445384
268445400
268456136
268455624
268456648
268456128
268456144
268463576
268463064
268464088
268463568
268463584
268458256
268457744
268458768
268458248
268458264
268466536
268466024
268467048
268466528
268466544
268459704
268459192
268460216
268459696
268459712
268462944
268462432
268463456
268462936
268462952
268455728
268455216
268456240
268455720
268455736
268448096
268447584
268448608
268448088
268448104
268449896
268449384
268450408
268449888
268449904
268452264
268451752
268452776
268452256
268452272
268453128
268452616
268453640
268453120
268453136
268463152
268462640
268463664
268463144
268463160
268444760
268444248
268445272
268444752
268444768
268438272
268437760
268438784
268438264
268438280
268459968
268459456
268460480
268459960
268459976
268444888
268444376
268445400
268444880
268444896
268461120
268460608
268461632
268461112
268461128
268456368
268455856
268456880
268456360
268456376
268462736
268462224
268463248
268462728
268462744
268445328
268444816
268445840
268445320
268445336
268462504
268461992
268463016
268462496
268462512
268452496
268451984
268453008
268452488
268452504
268445128
268444616
268445640
268445120
268445136
268456664
268456152
268457176
268456656
268456672
268443840
268443328
268444352
268443832
268443848
268444144
268443632
268444656
268444136
268444152
268444056
268443544
268444568
268444048
268444064
268452736
268452224
268453248
268452728
268452744
268450944
268450432
268451456
268450936
268450952
268443560
268443048
268444072
268443552
268443568
268462392
268461880
268462904
268462384
268462400
268453296
268452784
268453808
268453288
268453304
268442304
268441792
268442816
268442296
268442312
268452240
268451728
268452752
268452232
268452248
268439448
268438936
268439960
268439440
268439456
268439752
268439240
268440264
268439744
268439760
268438864
268438352
268439376
268438856
268438872
268441488
268440976
268442000
268441480
268441496
268454624
268454112
268455136
268454616
268454632
268465688
268465176
268466200
268465680
268465696
268462040
268461528
268462552
268462032
268462048
268440080
268439568
268440592
268440072
268440088
268456040
268455528
268456552
268456032
268456048
268458120
268457608
268458632
268458112
268458128
268438584
268438072
268439096
268438576
268438592
268451056
268450544
268451568
268451048
268451064
268464472
268463960
268464984
268464464
268464480
268465304
268464792
268465816
268465296
268465312
268466472
268465960
268466984
268466464
268466480
268438600
268438088
268439112
268438592
268438608
268455608
268455096
268456120
268455600
268455616
268464464
268463952
268464976
268464456
268464472
268438184
268437672
268438696
268438176
268438192
268461592
268461080
268462104
268461584
268461600
268463576
268463064
268464088
268463568
268463584
268438968
268438456
268439480
268438960
268438976
268440400
268439888
268440912
268440392
268440408
268462272
268461760
268462784
268462264
268462280
268463144
268462632
268463656
268463136
268463152
268462712
268462200
268463224
268462704
268462720
268459544
268459032
268460056
268459536
268459552
268455832
268455320
268456344
268455824
268455840
268446328
268445816
268446840
268446320
268446336
268445568
268445056
268446080
268445560
268445576
268447728
268447216
268448240
268447720
268447736
268446248
268445736
268446760
268446240
268446256
268453328
268452816
268453840
268453320
268453336
268440024
268439512
268440536
268440016
268440032
268459840
268459328
268460352
268459832
268459848
268447456
268446944
268447968
268447448
268447464
268441176
268440664
268441688
268441168
268441184
268444624
268444112
268445136
268444616
268444632
268448336
268447824
268448848
268448328
268448344
268450168
268449656
268450680
268450160
268450176
268461608
268461096
268462120
268461600
268461616
268439320
268438808
268439832
268439312
268439328
268443184
268442672
268443696
268443176
268443192
268445664
268445152
268446176
268445656
268445672
268441776
268441264
268442288
268441768
268441784
268460136
268459624
268460648
268460128
268460144
268439528
268439016
268440040
268439520
268439536
268437536
268437024
268438048
268437528
268437544
268454296
268453784
268454808
268454288
268454304
268460128
268459616
268460640
268460120
268460136
268462680
268462168
268463192
268462672
268462688
268454216
268453704
268454728
268454208
268454224
268446360
268445848
268446872
268446352
268446368
268464768
268464256
268465280
268464760
268464776
268460296
268459784
268460808
268460288
268460304
268451392
268450880
268451904
268451384
268451400
268454768
268454256
268455280
268454760
268454776
268466224
268465712
268466736
268466216
268466232
268440544
268440032
268441056
268440536
268440552
268460104
268459592
268460616
268460096
268460112
268443304
268442792
268443816
268443296
268443312
268442840
268442328
268443352
268442832
268442848
268441688
268441176
268442200
268441680
268441696
268440456
268439944
268440968
268440448
268440464
268450336
268449824
268450848
268450328
268450344
268458952
268458440
268459464
268458944
268458960
268450608
268450096
268451120
268450600
268450616
268457792
268457280
268458304
268457784
268457800
268445400
268444888
268445912
268445392
268445408
268463072
268462560
268463584
268463064
268463080
268450096
268449584
268450608
268450088
268450104
268458448
268457936
268458960
268458440
268458456
268460512
268460000
268461024
268460504
268460520
268448104
268447592
268448616
268448096
268448112
268454768
268454256
268455280
268454760
268454776
268452288
268451776
268452800
268452280
268452296
268448128
268447616
268448640
268448120
268448136
268464016
268463504
268464528
268464008
268464024
268452960
268452448
268453472
268452952
268452968
268445840
268445328
268446352
268445832
268445848
268458472
268457960
268458984
268458464
268458480
268451760
268451248
268452272
268451752
268451768
268440496
268439984
268441008
268440488
268440504
268463248
268462736
268463760
268463240
268463256
268452168
268451656
268452680
268452160
268452176
268452632
268452120
268453144
268452624
268452640
268462048
268461536
268462560
268462040
268462056
268452504
268451992
268453016
268452496
268452512
268462192
268461680
268462704
268462184
268462200
268454672
268454160
268455184
268454664
268454680
268449168
268448656
268449680
268449160
268449176
268440488
268439976
268441000
268440480
268440496
268452176
268451664
268452688
268452168
268452184
268451392
268450880
268451904
268451384
268451400
268445392
268444880
268445904
268445384
268445400
268437016
268436504
268437528
268437008
268437024
268464320
268463808
268464832
268464312
268464328
268452840
268452328
268453352
268452832
268452848
268445368
268444856
268445880
268445360
268445376
268448616
268448104
268449128
268448608
268448624
268436800
268436288
268437312
268436792
268436808
268441008
268440496
268441520
268441000
268441016
268458504
268457992
268459016
268458496
268458512
268438952
268438440
268439464
268438944
268438960
268441832
268441320
268442344
268441824
268441840
268455400
268454888
268455912
268455392
268455408
268440464
268439952
268440976
268440456
268440472
268467632
268467120
268468144
268467624
268467640
268450088
268449576
268450600
268450080
268450096
268456752
268456240
268457264
268456744
268456760
268467656
268467144
268468168
268467648
268467664
268439232
268438720
268439744
268439224
268439240
268452376
268451864
268452888
268452368
268452384
268455792
268455280
268456304
268455784
268455800
268457152
268456640
268457664
268457144
268457160
268447288
268446776
268447800
268447280
268447296
268466856
268466344
268467368
268466848
268466864
268457016
268456504
268457528
268457008
268457024
268451760
268451248
268452272
268451752
268451768
268441424
268440912
268441936
268441416
268441432
268443896
268443384
268444408
268443888
268443904
268448040
268447528
268448552
268448032
268448048
268447712
268447200
268448224
268447704
268447720
268448136
268447624
268448648
268448128
268448144
268462304
268461792
268462816
268462296
268462312
268448128
268447616
268448640
268448120
268448136
268456792
268456280
268457304
268456784
268456800
268437376
268436864
268437888
268437368
268437384
268441056
268440544
268441568
268441048
268441064
268459352
268458840
268459864
268459344
268459360
268464976
268464464
268465488
268464968
268464984
268446240
268445728
268446752
268446232
268446248
268437488
268436976
268438000
268437480
268437496
268443400
268442888
268443912
268443392
268443408
268447992
268447480
268448504
268447984
268448000
268447992
268447480
268448504
268447984
268448000
268453984
268453472
268454496
268453976
268453992
268445768
268445256
268446280
268445760
268445776
268457104
268456592
268457616
268457096
268457112
268461584
268461072
268462096
268461576
268461592
268461800
268461288
268462312
268461792
268461808
268460184
268459672
268460696
268460176
268460192
268455264
268454752
268455776
268455256
268455272
268444400
268443888
268444912
268444392
268444408
268463256
268462744
268463768
268463248
268463264
268445392
268444880
268445904
268445384
268445400
268464384
268463872
268464896
268464376
268464392
268450648
268450136
268451160
268450640
268450656
268456496
268455984
268457008
268456488
268456504
268452304
268451792
268452816
268452296
268452312
268457192
268456680
268457704
268457184
268457200
268446792
268446280
268447304
268446784
268446800
268455296
268454784
268455808
268455288
268455304
268439232
268438720
268439744
268439224
268439240
268459320
268458808
268459832
268459312
268459328
268457712
268457200
268458224
268457704
268457720
268447992
268447480
268448504
268447984
268448000
268454600
268454088
268455112
268454592
268454608
268442904
268442392
268443416
268442896
268442912
268453232
268452720
268453744
268453224
268453240
268455008
268454496
268455520
268455000
268455016
268461648
268461136
268462160
268461640
268461656
268452776
268452264
268453288
268452768
268452784
268437040
268436528
268437552
268437032
268437048
268454296
268453784
268454808
268454288
268454304
268457864
268457352
268458376
268457856
268457872
268445808
268445296
268446320
268445800
268445816
268440904
268440392
268441416
268440896
268440912
268448904
268448392
268449416
268448896
268448912
268467144
268466632
268467656
268467136
268467152
268462184
268461672
268462696
268462176
268462192
268467264
268466752
268467776
268467256
268467272
268435992
268435480
268436504
268435984
268436000
268450672
268450160
268451184
268450664
268450680
268463216
268462704
268463728
268463208
268463224
268446376
268445864
268446888
268446368
268446384
268436488
268435976
268437000
268436480
268436496
268460048
268459536
268460560
268460040
268460056
268460104
268459592
268460616
268460096
268460112
268454560
268454048
268455072
268454552
268454568
268456608
268456096
268457120
268456600
268456616
268435992
268435480
268436504
268435984
268436000
268462704
268462192
268463216
268462696
268462712
268446888
268446376
268447400
268446880
268446896
268463664
268463152
268464176
268463656
268463672
268449408
268448896
268449920
268449400
268449416
268466104
268465592
268466616
268466096
268466112
268436416
268435904
268436928
268436408
268436424
268458040
268457528
268458552
268458032
268458048
268453128
268452616
268453640
268453120
268453136
268442360
268441848
268442872
268442352
268442368
268466056
268465544
268466568
268466048
268466064
