268435456
268435464
268435472
268435480
268435488
268435496
268435504
268435512
268435520
268435528
268435536
268435544
268435552
268435560
268435568
268435576
268435584
268435592
268435600
268435608
268435616
268435624
268435632
268435640
268435648
268435656
268435664
268435672
268435680
268435688
268435696
268435704
268435712
268435720
268435728
268435736
268435744
268435752
268435760
268435768
268435776
268435784
268435792
268435800
268435808
268435816
268435824
268435832
268435840
268435848
268435856
268435864
268435872
268435880
268435888
268435896
268435904
268435912
268435920
268435928
268435936
268435944
268435952
268435960
268435968
268435976
268435984
268435992
268436000
268436008
268436016
268436024
268436032
268436040
268436048
268436056
268436064
268436072
268436080
268436088
268436096
268436104
268436112
268436120
268436128
268436136
268436144
268436152
268436160
268436168
268436176
268436184
268436192
268436200
268436208
268436216
268436224
268436232
268436240
268436248
268436256
268436264
268436272
268436280
268436288
268436296
268436304
268436312
268436320
268436328
268436336
268436344
268436352
268436360
268436368
268436376
268436384
268436392
268436400
268436408
268436416
268436424
268436432
268436440
268436448
268436456
268436464
268436472
268436480
268436488
268436496
268436504
268436512
268436520
268436528
268436536
268436544
268436552
268436560
268436568
268436576
268436584
268436592
268436600
268436608
268436616
268436624
268436632
268436640
268436648
268436656
268436664
268436672
268436680
268436688
268436696
268436704
268436712
268436720
268436728
268436736
268436744
268436752
268436760
268436768
268436776
268436784
268436792
268436800
268436808
268436816
268436824
268436832
268436840
268436848
268436856
268436864
268436872
268436880
268436888
268436896
268436904
268436912
268436920
268436928
268436936
268436944
268436952
268436960
268436968
268436976
268436984
268436992
268437000
268437008
268437016
268437024
268437032
268437040
268437048
268437056
268437064
268437072
268437080
268437088
268437096
268437104
268437112
268437120
268437128
268437136
268437144
268437152
268437160
268437168
268437176
268437184
268437192
268437200
268437208
268437216
268437224
268437232
268437240
268437248
268437256
268437264
268437272
268437280
268437288
268437296
268437304
268437312
268437320
268437328
268437336
268437344
268437352
268437360
268437368
268437376
268437384
268437392
268437400
268437408
268437416
268437424
268437432
268437440
268437448
268437456
268437464
268437472
268437480
268437488
268437496
268437504
268437512
268437520
268437528
268437536
268437544
268437552
268437560
268437568
268437576
268437584
268437592
268437600
268437608
268437616
268437624
268437632
268437640
268437648
268437656
268437664
268437672
268437680
268437688
268437696
268437704
268437712
268437720
268437728
268437736
268437744
268437752
268437760
268437768
268437776
268437784
268437792
268437800
268437808
268437816
268437824
268437832
268437840
268437848
268437856
268437864
268437872
268437880
268437888
268437896
268437904
268437912
268437920
268437928
268437936
268437944
268437952
268437960
268437968
268437976
268437984
268437992
268438000
268438008
268438016
268438024
268438032
268438040
268438048
268438056
268438064
268438072
268438080
268438088
268438096
268438104
268438112
268438120
268438128
268438136
268438144
268438152
268438160
268438168
268438176
268438184
268438192
268438200
268438208
268438216
268438224
268438232
268438240
268438248
268438256
268438264
268438272
268438280
268438288
268438296
268438304
268438312
268438320
268438328
268438336
268438344
268438352
268438360
268438368
268438376
268438384
268438392
268438400
268438408
268438416
268438424
268438432
268438440
268438448
268438456
268438464
268438472
268438480
268438488
268438496
268438504
268438512
268438520
268438528
268438536
268438544
268438552
268438560
268438568
268438576
268438584
268438592
268438600
268438608
268438616
268438624
268438632
268438640
268438648
268438656
268438664
268438672
268438680
268438688
268438696
268438704
268438712
268438720
268438728
268438736
268438744
268438752
268438760
268438768
268438776
268438784
268438792
268438800
268438808
268438816
268438824
268438832
268438840
268438848
268438856
268438864
268438872
268438880
268438888
268438896
268438904
268438912
268438920
268438928
268438936
268438944
268438952
268438960
268438968
268438976
268438984
268438992
268439000
268439008
268439016
268439024
268439032
268439040
268439048
268439056
268439064
268439072
268439080
268439088
268439096
268439104
268439112
268439120
268439128
268439136
268439144
268439152
268439160
268439168
268439176
268439184
268439192
268439200
268439208
268439216
268439224
268439232
268439240
268439248
268439256
268439264
268439272
268439280
268439288
268439296
268439304
268439312
268439320
268439328
268439336
268439344
268439352
268439360
268439368
268439376
268439384
268439392
268439400
268439408
268439416
268439424
268439432
268439440
268439448
268439456
268439464
268439472
268439480
268439488
268439496
268439504
268439512
268439520
268439528
268439536
268439544
268439552
268439560
268439568
268439576
268439584
268439592
268439600
268439608
268439616
268439624
268439632
268439640
268439648
268439656
268439664
268439672
268439680
268439688
268439696
268439704
268439712
268439720
268439728
268439736
268439744
268439752
268439760
268439768
268439776
268439784
268439792
268439800
268439808
268439816
268439824
268439832
268439840
268439848
268439856
268439864
268439872
268439880
268439888
268439896
268439904
268439912
268439920
268439928
268439936
268439944
268439952
268439960
268439968
268439976
268439984
268439992
268440000
268440008
268440016
268440024
268440032
268440040
268440048
268440056
268440064
268440072
268440080
268440088
268440096
268440104
268440112
268440120
268440128
268440136
268440144
268440152
268440160
268440168
268440176
268440184
268440192
268440200
268440208
268440216
268440224
268440232
268440240
268440248
268440256
268440264
268440272
268440280
268440288
268440296
268440304
268440312
268440320
268440328
268440336
268440344
268440352
268440360
268440368
268440376
268440384
268440392
268440400
268440408
268440416
268440424
268440432
268440440
268440448
268440456
268440464
268440472
268440480
268440488
268440496
268440504
268440512
268440520
268440528
268440536
268440544
268440552
268440560
268440568
268440576
268440584
268440592
268440600
268440608
268440616
268440624
268440632
268440640
268440648
268440656
268440664
268440672
268440680
268440688
268440696
268440704
268440712
268440720
268440728
268440736
268440744
268440752
268440760
268440768
268440776
268440784
268440792
268440800
268440808
268440816
268440824
268440832
268440840
268440848
268440856
268440864
268440872
268440880
268440888
268440896
268440904
268440912
268440920
268440928
268440936
268440944
268440952
268440960
268440968
268440976
268440984
268440992
268441000
268441008
268441016
268441024
268441032
268441040
268441048
268441056
268441064
268441072
268441080
268441088
268441096
268441104
268441112
268441120
268441128
268441136
268441144
268441152
268441160
268441168
268441176
268441184
268441192
268441200
268441208
268441216
268441224
268441232
268441240
268441248
268441256
268441264
268441272
268441280
268441288
268441296
268441304
268441312
268441320
268441328
268441336
268441344
268441352
268441360
268441368
268441376
268441384
268441392
268441400
268441408
268441416
268441424
268441432
268441440
268441448
268441456
268441464
268441472
268441480
268441488
268441496
268441504
268441512
268441520
268441528
268441536
268441544
268441552
268441560
268441568
268441576
268441584
268441592
268441600
268441608
268441616
268441624
268441632
268441640
268441648
268441656
268441664
268441672
268441680
268441688
268441696
268441704
268441712
268441720
268441728
268441736
268441744
268441752
268441760
268441768
268441776
268441784
268441792
268441800
268441808
268441816
268441824
268441832
268441840
268441848
268441856
268441864
268441872
268441880
268441888
268441896
268441904
268441912
268441920
268441928
268441936
268441944
268441952
268441960
268441968
268441976
268441984
268441992
268442000
268442008
268442016
268442024
268442032
268442040
268442048
268442056
268442064
268442072
268442080
268442088
268442096
268442104
268442112
268442120
268442128
268442136
268442144
268442152
268442160
268442168
268442176
268442184
268442192
268442200
268442208
268442216
268442224
268442232
268442240
268442248
268442256
268442264
268442272
268442280
268442288
268442296
268442304
268442312
268442320
268442328
268442336
268442344
268442352
268442360
268442368
268442376
268442384
268442392
268442400
268442408
268442416
268442424
268442432
268442440
268442448
268442456
268442464
268442472
268442480
268442488
268442496
268442504
268442512
268442520
268442528
268442536
268442544
268442552
268442560
268442568
268442576
268442584
268442592
268442600
268442608
268442616
268442624
268442632
268442640
268442648
268442656
268442664
268442672
268442680
268442688
268442696
268442704
268442712
268442720
268442728
268442736
268442744
268442752
268442760
268442768
268442776
268442784
268442792
268442800
268442808
268442816
268442824
268442832
268442840
268442848
268442856
268442864
268442872
268442880
268442888
268442896
268442904
268442912
268442920
268442928
268442936
268442944
268442952
268442960
268442968
268442976
268442984
268442992
268443000
268443008
268443016
268443024
268443032
268443040
268443048
268443056
268443064
268443072
268443080
268443088
268443096
268443104
268443112
268443120
268443128
268443136
268443144
268443152
268443160
268443168
268443176
268443184
268443192
268443200
268443208
268443216
268443224
268443232
268443240
268443248
268443256
268443264
268443272
268443280
268443288
268443296
268443304
268443312
268443320
268443328
268443336
268443344
268443352
268443360
268443368
268443376
268443384
268443392
268443400
268443408
268443416
268443424
268443432
268443440
268443448
268443456
268443464
268443472
268443480
268443488
268443496
268443504
268443512
268443520
268443528
268443536
268443544
268443552
268443560
268443568
268443576
268443584
268443592
268443600
268443608
268443616
268443624
268443632
268443640
268443648
268443656
268443664
268443672
268443680
268443688
268443696
268443704
268443712
268443720
268443728
268443736
268443744
268443752
268443760
268443768
268443776
268443784
268443792
268443800
268443808
268443816
268443824
268443832
268443840
268443848
268443856
268443864
268443872
268443880
268443888
268443896
268443904
268443912
268443920
268443928
268443936
268443944
268443952
268443960
268443968
268443976
268443984
268443992
268444000
268444008
268444016
268444024
268444032
268444040
268444048
268444056
268444064
268444072
268444080
268444088
268444096
268444104
268444112
268444120
268444128
268444136
268444144
268444152
268444160
268444168
268444176
268444184
268444192
268444200
268444208
268444216
268444224
268444232
268444240
268444248
268444256
268444264
268444272
268444280
268444288
268444296
268444304
268444312
268444320
268444328
268444336
268444344
268444352
268444360
268444368
268444376
268444384
268444392
268444400
268444408
268444416
268444424
268444432
268444440
268444448
268444456
268444464
268444472
268444480
268444488
268444496
268444504
268444512
268444520
268444528
268444536
268444544
268444552
268444560
268444568
268444576
268444584
268444592
268444600
268444608
268444616
268444624
268444632
268444640
268444648
268444656
268444664
268444672
268444680
268444688
268444696
268444704
268444712
268444720
268444728
268444736
268444744
268444752
268444760
268444768
268444776
268444784
268444792
268444800
268444808
268444816
268444824
268444832
268444840
268444848
268444856
268444864
268444872
268444880
268444888
268444896
268444904
268444912
268444920
268444928
268444936
268444944
268444952
268444960
268444968
268444976
268444984
268444992
268445000
268445008
268445016
268445024
268445032
268445040
268445048
268445056
268445064
268445072
268445080
268445088
268445096
268445104
268445112
268445120
268445128
268445136
268445144
268445152
268445160
268445168
268445176
268445184
268445192
268445200
268445208
268445216
268445224
268445232
268445240
268445248
268445256
268445264
268445272
268445280
268445288
268445296
268445304
268445312
268445320
268445328
268445336
268445344
268445352
268445360
268445368
268445376
268445384
268445392
268445400
268445408
268445416
268445424
268445432
268445440
268445448
268445456
268445464
268445472
268445480
268445488
268445496
268445504
268445512
268445520
268445528
268445536
268445544
268445552
268445560
268445568
268445576
268445584
268445592
268445600
268445608
268445616
268445624
268445632
268445640
268445648
268445656
268445664
268445672
268445680
268445688
268445696
268445704
268445712
268445720
268445728
268445736
268445744
268445752
268445760
268445768
268445776
268445784
268445792
268445800
268445808
268445816
268445824
268445832
268445840
268445848
268445856
268445864
268445872
268445880
268445888
268445896
268445904
268445912
268445920
268445928
268445936
268445944
268445952
268445960
268445968
268445976
268445984
268445992
268446000
268446008
268446016
268446024
268446032
268446040
268446048
268446056
268446064
268446072
268446080
268446088
268446096
268446104
268446112
268446120
268446128
268446136
268446144
268446152
268446160
268446168
268446176
268446184
268446192
268446200
268446208
268446216
268446224
268446232
268446240
268446248
268446256
268446264
268446272
268446280
268446288
268446296
268446304
268446312
268446320
268446328
268446336
268446344
268446352
268446360
268446368
268446376
268446384
268446392
268446400
268446408
268446416
268446424
268446432
268446440
268446448
268446456
268446464
268446472
268446480
268446488
268446496
268446504
268446512
268446520
268446528
268446536
268446544
268446552
268446560
268446568
268446576
268446584
268446592
268446600
268446608
268446616
268446624
268446632
268446640
268446648
268446656
268446664
268446672
268446680
268446688
268446696
268446704
268446712
268446720
268446728
268446736
268446744
268446752
268446760
268446768
268446776
268446784
268446792
268446800
268446808
268446816
268446824
268446832
268446840
268446848
268446856
268446864
268446872
268446880
268446888
268446896
268446904
268446912
268446920
268446928
268446936
268446944
268446952
268446960
268446968
268446976
268446984
268446992
268447000
268447008
268447016
268447024
268447032
268447040
268447048
268447056
268447064
268447072
268447080
268447088
268447096
268447104
268447112
268447120
268447128
268447136
268447144
268447152
268447160
268447168
268447176
268447184
268447192
268447200
268447208
268447216
268447224
268447232
268447240
268447248
268447256
268447264
268447272
268447280
268447288
268447296
268447304
268447312
268447320
268447328
268447336
268447344
268447352
268447360
268447368
268447376
268447384
268447392
268447400
268447408
268447416
268447424
268447432
268447440
268447448
268447456
268447464
268447472
268447480
268447488
268447496
268447504
268447512
268447520
268447528
268447536
268447544
268447552
268447560
268447568
268447576
268447584
268447592
268447600
268447608
268447616
268447624
268447632
268447640
268447648
268447656
268447664
268447672
268447680
268447688
268447696
268447704
268447712
268447720
268447728
268447736
268447744
268447752
268447760
268447768
268447776
268447784
268447792
268447800
268447808
268447816
268447824
268447832
268447840
268447848
268447856
268447864
268447872
268447880
268447888
268447896
268447904
268447912
268447920
268447928
268447936
268447944
268447952
268447960
268447968
268447976
268447984
268447992
268448000
268448008
268448016
268448024
268448032
268448040
268448048
268448056
268448064
268448072
268448080
268448088
268448096
268448104
268448112
268448120
268448128
268448136
268448144
268448152
268448160
268448168
268448176
268448184
268448192
268448200
268448208
268448216
268448224
268448232
268448240
268448248
268448256
268448264
268448272
268448280
268448288
268448296
268448304
268448312
268448320
268448328
268448336
268448344
268448352
268448360
268448368
268448376
268448384
268448392
268448400
268448408
268448416
268448424
268448432
268448440
268448448
268448456
268448464
268448472
268448480
268448488
268448496
268448504
268448512
268448520
268448528
268448536
268448544
268448552
268448560
268448568
268448576
268448584
268448592
268448600
268448608
268448616
268448624
268448632
268448640
268448648
268448656
268448664
268448672
268448680
268448688
268448696
268448704
268448712
268448720
268448728
268448736
268448744
268448752
268448760
268448768
268448776
268448784
268448792
268448800
268448808
268448816
268448824
268448832
268448840
268448848
268448856
268448864
268448872
268448880
268448888
268448896
268448904
268448912
268448920
268448928
268448936
268448944
268448952
268448960
268448968
268448976
268448984
268448992
268449000
268449008
268449016
268449024
268449032
268449040
268449048
268449056
268449064
268449072
268449080
268449088
268449096
268449104
268449112
268449120
268449128
268449136
268449144
268449152
268449160
268449168
268449176
268449184
268449192
268449200
268449208
268449216
268449224
268449232
268449240
268449248
268449256
268449264
268449272
268449280
268449288
268449296
268449304
268449312
268449320
268449328
268449336
268449344
268449352
268449360
268449368
268449376
268449384
268449392
268449400
268449408
268449416
268449424
268449432
268449440
268449448
268449456
268449464
268449472
268449480
268449488
268449496
268449504
268449512
268449520
268449528
268449536
268449544
268449552
268449560
268449568
268449576
268449584
268449592
268449600
268449608
268449616
268449624
268449632
268449640
268449648
268449656
268449664
268449672
268449680
268449688
268449696
268449704
268449712
268449720
268449728
268449736
268449744
268449752
268449760
268449768
268449776
268449784
268449792
268449800
268449808
268449816
268449824
268449832
268449840
268449848
268449856
268449864
268449872
268449880
268449888
268449896
268449904
268449912
268449920
268449928
268449936
268449944
268449952
268449960
268449968
268449976
268449984
268449992
268450000
268450008
268450016
268450024
268450032
268450040
268450048
268450056
268450064
268450072
268450080
268450088
268450096
268450104
268450112
268450120
268450128
268450136
268450144
268450152
268450160
268450168
268450176
268450184
268450192
268450200
268450208
268450216
268450224
268450232
268450240
268450248
268450256
268450264
268450272
268450280
268450288
268450296
268450304
268450312
268450320
268450328
268450336
268450344
268450352
268450360
268450368
268450376
268450384
268450392
268450400
268450408
268450416
268450424
268450432
268450440
268450448
268450456
268450464
268450472
268450480
268450488
268450496
268450504
268450512
268450520
268450528
268450536
268450544
268450552
268450560
268450568
268450576
268450584
268450592
268450600
268450608
268450616
268450624
268450632
268450640
268450648
268450656
268450664
268450672
268450680
268450688
268450696
268450704
268450712
268450720
268450728
268450736
268450744
268450752
268450760
268450768
268450776
268450784
268450792
268450800
268450808
268450816
268450824
268450832
268450840
268450848
268450856
268450864
268450872
268450880
268450888
268450896
268450904
268450912
268450920
268450928
268450936
268450944
268450952
268450960
268450968
268450976
268450984
268450992
268451000
268451008
268451016
268451024
268451032
268451040
268451048
268451056
268451064
268451072
268451080
268451088
268451096
268451104
268451112
268451120
268451128
268451136
268451144
268451152
268451160
268451168
268451176
268451184
268451192
268451200
268451208
268451216
268451224
268451232
268451240
268451248
268451256
268451264
268451272
268451280
268451288
268451296
268451304
268451312
268451320
268451328
268451336
268451344
268451352
268451360
268451368
268451376
268451384
268451392
268451400
268451408
268451416
268451424
268451432
268451440
268451448
268451456
268451464
268451472
268451480
268451488
268451496
268451504
268451512
268451520
268451528
268451536
268451544
268451552
268451560
268451568
268451576
268451584
268451592
268451600
268451608
268451616
268451624
268451632
268451640
268451648
268451656
268451664
268451672
268451680
268451688
268451696
268451704
268451712
268451720
268451728
268451736
268451744
268451752
268451760
268451768
268451776
268451784
268451792
268451800
268451808
268451816
268451824
268451832
268451840
268451848
268451856
268451864
268451872
268451880
268451888
268451896
268451904
268451912
268451920
268451928
268451936
268451944
268451952
268451960
268451968
268451976
268451984
268451992
268452000
268452008
268452016
268452024
268452032
268452040
268452048
268452056
268452064
268452072
268452080
268452088
268452096
268452104
268452112
268452120
268452128
268452136
268452144
268452152
268452160
268452168
268452176
268452184
268452192
268452200
268452208
268452216
268452224
268452232
268452240
268452248
268452256
268452264
268452272
268452280
268452288
268452296
268452304
268452312
268452320
268452328
268452336
268452344
268452352
268452360
268452368
268452376
268452384
268452392
268452400
268452408
268452416
268452424
268452432
268452440
268452448
268452456
268452464
268452472
268452480
268452488
268452496
268452504
268452512
268452520
268452528
268452536
268452544
268452552
268452560
268452568
268452576
268452584
268452592
268452600
268452608
268452616
268452624
268452632
268452640
268452648
268452656
268452664
268452672
268452680
268452688
268452696
268452704
268452712
268452720
268452728
268452736
268452744
268452752
268452760
268452768
268452776
268452784
268452792
268452800
268452808
268452816
268452824
268452832
268452840
268452848
268452856
268452864
268452872
268452880
268452888
268452896
268452904
268452912
268452920
268452928
268452936
268452944
268452952
268452960
268452968
268452976
268452984
268452992
268453000
268453008
268453016
268453024
268453032
268453040
268453048
268453056
268453064
268453072
268453080
268453088
268453096
268453104
268453112
268453120
268453128
268453136
268453144
268453152
268453160
268453168
268453176
268453184
268453192
268453200
268453208
268453216
268453224
268453232
268453240
268453248
268453256
268453264
268453272
268453280
268453288
268453296
268453304
268453312
268453320
268453328
268453336
268453344
268453352
268453360
268453368
268453376
268453384
268453392
268453400
268453408
268453416
268453424
268453432
268453440
268453448
268453456
268453464
268453472
268453480
268453488
268453496
268453504
268453512
268453520
268453528
268453536
268453544
268453552
268453560
268453568
268453576
268453584
268453592
268453600
268453608
268453616
268453624
268453632
268453640
268453648
268453656
268453664
268453672
268453680
268453688
268453696
268453704
268453712
268453720
268453728
268453736
268453744
268453752
268453760
268453768
268453776
268453784
268453792
268453800
268453808
268453816
268453824
268453832
268453840
268453848
268453856
268453864
268453872
268453880
268453888
268453896
268453904
268453912
268453920
268453928
268453936
268453944
268453952
268453960
268453968
268453976
268453984
268453992
268454000
268454008
268454016
268454024
268454032
268454040
268454048
268454056
268454064
268454072
268454080
268454088
268454096
268454104
268454112
268454120
268454128
268454136
268454144
268454152
268454160
268454168
268454176
268454184
268454192
268454200
268454208
268454216
268454224
268454232
268454240
268454248
268454256
268454264
268454272
268454280
268454288
268454296
268454304
268454312
268454320
268454328
268454336
268454344
268454352
268454360
268454368
268454376
268454384
268454392
268454400
268454408
268454416
268454424
268454432
268454440
268454448
268454456
268454464
268454472
268454480
268454488
268454496
268454504
268454512
268454520
268454528
268454536
268454544
268454552
268454560
268454568
268454576
268454584
268454592
268454600
268454608
268454616
268454624
268454632
268454640
268454648
268454656
268454664
268454672
268454680
268454688
268454696
268454704
268454712
268454720
268454728
268454736
268454744
268454752
268454760
268454768
268454776
268454784
268454792
268454800
268454808
268454816
268454824
268454832
268454840
268454848
268454856
268454864
268454872
268454880
268454888
268454896
268454904
268454912
268454920
268454928
268454936
268454944
268454952
268454960
268454968
268454976
268454984
268454992
268455000
268455008
268455016
268455024
268455032
268455040
268455048
268455056
268455064
268455072
268455080
268455088
268455096
268455104
268455112
268455120
268455128
268455136
268455144
268455152
268455160
268455168
268455176
268455184
268455192
268455200
268455208
268455216
268455224
268455232
268455240
268455248
268455256
268455264
268455272
268455280
268455288
268455296
268455304
268455312
268455320
268455328
268455336
268455344
268455352
268455360
268455368
268455376
268455384
268455392
268455400
268455408
268455416
268455424
268455432
268455440
268455448
268455456
268455464
268455472
268455480
268455488
268455496
268455504
268455512
268455520
268455528
268455536
268455544
268455552
268455560
268455568
268455576
268455584
268455592
268455600
268455608
268455616
268455624
268455632
268455640
268455648
268455656
268455664
268455672
268455680
268455688
268455696
268455704
268455712
268455720
268455728
268455736
268455744
268455752
268455760
268455768
268455776
268455784
268455792
268455800
268455808
268455816
268455824
268455832
268455840
268455848
268455856
268455864
268455872
268455880
268455888
268455896
268455904
268455912
268455920
268455928
268455936
268455944
268455952
268455960
268455968
268455976
268455984
268455992
268456000
268456008
268456016
268456024
268456032
268456040
268456048
268456056
268456064
268456072
268456080
268456088
268456096
268456104
268456112
268456120
268456128
268456136
268456144
268456152
268456160
268456168
268456176
268456184
268456192
268456200
268456208
268456216
268456224
268456232
268456240
268456248
268456256
268456264
268456272
268456280
268456288
268456296
268456304
268456312
268456320
268456328
268456336
268456344
268456352
268456360
268456368
268456376
268456384
268456392
268456400
268456408
268456416
268456424
268456432
268456440
268456448
268456456
268456464
268456472
268456480
268456488
268456496
268456504
268456512
268456520
268456528
268456536
268456544
268456552
268456560
268456568
268456576
268456584
268456592
268456600
268456608
268456616
268456624
268456632
268456640
268456648
268456656
268456664
268456672
268456680
268456688
268456696
268456704
268456712
268456720
268456728
268456736
268456744
268456752
268456760
268456768
268456776
268456784
268456792
268456800
268456808
268456816
268456824
268456832
268456840
268456848
268456856
268456864
268456872
268456880
268456888
268456896
268456904
268456912
268456920
268456928
268456936
268456944
268456952
268456960
268456968
268456976
268456984
268456992
268457000
268457008
268457016
268457024
268457032
268457040
268457048
268457056
268457064
268457072
268457080
268457088
268457096
268457104
268457112
268457120
268457128
268457136
268457144
268457152
268457160
268457168
268457176
268457184
268457192
268457200
268457208
268457216
268457224
268457232
268457240
268457248
268457256
268457264
268457272
268457280
268457288
268457296
268457304
268457312
268457320
268457328
268457336
268457344
268457352
268457360
268457368
268457376
268457384
268457392
268457400
268457408
268457416
268457424
268457432
268457440
268457448
268457456
268457464
268457472
268457480
268457488
268457496
268457504
268457512
268457520
268457528
268457536
268457544
268457552
268457560
268457568
268457576
268457584
268457592
268457600
268457608
268457616
268457624
268457632
268457640
268457648
268457656
268457664
268457672
268457680
268457688
268457696
268457704
268457712
268457720
268457728
268457736
268457744
268457752
268457760
268457768
268457776
268457784
268457792
268457800
268457808
268457816
268457824
268457832
268457840
268457848
268457856
268457864
268457872
268457880
268457888
268457896
268457904
268457912
268457920
268457928
268457936
268457944
268457952
268457960
268457968
268457976
268457984
268457992
268458000
268458008
268458016
268458024
268458032
268458040
268458048
268458056
268458064
268458072
268458080
268458088
268458096
268458104
268458112
268458120
268458128
268458136
268458144
268458152
268458160
268458168
268458176
268458184
268458192
268458200
268458208
268458216
268458224
268458232
268458240
268458248
268458256
268458264
268458272
268458280
268458288
268458296
268458304
268458312
268458320
268458328
268458336
268458344
268458352
268458360
268458368
268458376
268458384
268458392
268458400
268458408
268458416
268458424
268458432
268458440
268458448
268458456
268458464
268458472
268458480
268458488
268458496
268458504
268458512
268458520
268458528
268458536
268458544
268458552
268458560
268458568
268458576
268458584
268458592
268458600
268458608
268458616
268458624
268458632
268458640
268458648
268458656
268458664
268458672
268458680
268458688
268458696
268458704
268458712
268458720
268458728
268458736
268458744
268458752
268458760
268458768
268458776
268458784
268458792
268458800
268458808
268458816
268458824
268458832
268458840
268458848
268458856
268458864
268458872
268458880
268458888
268458896
268458904
268458912
268458920
268458928
268458936
268458944
268458952
268458960
268458968
268458976
268458984
268458992
268459000
268459008
268459016
268459024
268459032
268459040
268459048
268459056
268459064
268459072
268459080
268459088
268459096
268459104
268459112
268459120
268459128
268459136
268459144
268459152
268459160
268459168
268459176
268459184
268459192
268459200
268459208
268459216
268459224
268459232
268459240
268459248
268459256
268459264
268459272
268459280
268459288
268459296
268459304
268459312
268459320
268459328
268459336
268459344
268459352
268459360
268459368
268459376
268459384
268459392
268459400
268459408
268459416
268459424
268459432
268459440
268459448
268459456
268459464
268459472
268459480
268459488
268459496
268459504
268459512
268459520
268459528
268459536
268459544
268459552
268459560
268459568
268459576
268459584
268459592
268459600
268459608
268459616
268459624
268459632
268459640
268459648
268459656
268459664
268459672
268459680
268459688
268459696
268459704
268459712
268459720
268459728
268459736
268459744
268459752
268459760
268459768
268459776
268459784
268459792
268459800
268459808
268459816
268459824
268459832
268459840
268459848
268459856
268459864
268459872
268459880
268459888
268459896
268459904
268459912
268459920
268459928
268459936
268459944
268459952
268459960
268459968
268459976
268459984
268459992
268460000
268460008
268460016
268460024
268460032
268460040
268460048
268460056
268460064
268460072
268460080
268460088
268460096
268460104
268460112
268460120
268460128
268460136
268460144
268460152
268460160
268460168
268460176
268460184
268460192
268460200
268460208
268460216
268460224
268460232
268460240
268460248
268460256
268460264
268460272
268460280
268460288
268460296
268460304
268460312
268460320
268460328
268460336
268460344
268460352
268460360
268460368
268460376
268460384
268460392
268460400
268460408
268460416
268460424
268460432
268460440
268460448
268460456
268460464
268460472
268460480
268460488
268460496
268460504
268460512
268460520
268460528
268460536
268460544
268460552
268460560
268460568
268460576
268460584
268460592
268460600
268460608
268460616
268460624
268460632
268460640
268460648
268460656
268460664
268460672
268460680
268460688
268460696
268460704
268460712
268460720
268460728
268460736
268460744
268460752
268460760
268460768
268460776
268460784
268460792
268460800
268460808
268460816
268460824
268460832
268460840
268460848
268460856
268460864
268460872
268460880
268460888
268460896
268460904
268460912
268460920
268460928
268460936
268460944
268460952
268460960
268460968
268460976
268460984
268460992
268461000
268461008
268461016
268461024
268461032
268461040
268461048
268461056
268461064
268461072
268461080
268461088
268461096
268461104
268461112
268461120
268461128
268461136
268461144
268461152
268461160
268461168
268461176
268461184
268461192
268461200
268461208
268461216
268461224
268461232
268461240
268461248
268461256
268461264
268461272
268461280
268461288
268461296
268461304
268461312
268461320
268461328
268461336
268461344
268461352
268461360
268461368
268461376
268461384
268461392
268461400
268461408
268461416
268461424
268461432
268461440
268461448
268461456
268461464
268461472
268461480
268461488
268461496
268461504
268461512
268461520
268461528
268461536
268461544
268461552
268461560
268461568
268461576
268461584
268461592
268461600
268461608
268461616
268461624
268461632
268461640
268461648
268461656
268461664
268461672
268461680
268461688
268461696
268461704
268461712
268461720
268461728
268461736
268461744
268461752
268461760
268461768
268461776
268461784
268461792
268461800
268461808
268461816
268461824
268461832
268461840
268461848
268461856
268461864
268461872
268461880
268461888
268461896
268461904
268461912
268461920
268461928
268461936
268461944
268461952
268461960
268461968
268461976
268461984
268461992
268462000
268462008
268462016
268462024
268462032
268462040
268462048
268462056
268462064
268462072
268462080
268462088
268462096
268462104
268462112
268462120
268462128
268462136
268462144
268462152
268462160
268462168
268462176
268462184
268462192
268462200
268462208
268462216
268462224
268462232
268462240
268462248
268462256
268462264
268462272
268462280
268462288
268462296
268462304
268462312
268462320
268462328
268462336
268462344
268462352
268462360
268462368
268462376
268462384
268462392
268462400
268462408
268462416
268462424
268462432
268462440
268462448
268462456
268462464
268462472
268462480
268462488
268462496
268462504
268462512
268462520
268462528
268462536
268462544
268462552
268462560
268462568
268462576
268462584
268462592
268462600
268462608
268462616
268462624
268462632
268462640
268462648
268462656
268462664
268462672
268462680
268462688
268462696
268462704
268462712
268462720
268462728
268462736
268462744
268462752
268462760
268462768
268462776
268462784
268462792
268462800
268462808
268462816
268462824
268462832
268462840
268462848
268462856
268462864
268462872
268462880
268462888
268462896
268462904
268462912
268462920
268462928
268462936
268462944
268462952
268462960
268462968
268462976
268462984
268462992
268463000
268463008
268463016
268463024
268463032
268463040
268463048
268463056
268463064
268463072
268463080
268463088
268463096
268463104
268463112
268463120
268463128
268463136
268463144
268463152
268463160
268463168
268463176
268463184
268463192
268463200
268463208
268463216
268463224
268463232
268463240
268463248
268463256
268463264
268463272
268463280
268463288
268463296
268463304
268463312
268463320
268463328
268463336
268463344
268463352
268463360
268463368
268463376
268463384
268463392
268463400
268463408
268463416
268463424
268463432
268463440
268463448
268463456
268463464
268463472
268463480
268463488
268463496
268463504
268463512
268463520
268463528
268463536
268463544
268463552
268463560
268463568
268463576
268463584
268463592
268463600
268463608
268463616
268463624
268463632
268463640
268463648
268463656
268463664
268463672
268463680
268463688
268463696
268463704
268463712
268463720
268463728
268463736
268463744
268463752
268463760
268463768
268463776
268463784
268463792
268463800
268463808
268463816
268463824
268463832
268463840
268463848
268463856
268463864
268463872
268463880
268463888
268463896
268463904
268463912
268463920
268463928
268463936
268463944
268463952
268463960
268463968
268463976
268463984
268463992
268464000
268464008
268464016
268464024
268464032
268464040
268464048
268464056
268464064
268464072
268464080
268464088
268464096
268464104
268464112
268464120
268464128
268464136
268464144
268464152
268464160
268464168
268464176
268464184
268464192
268464200
268464208
268464216
268464224
268464232
268464240
268464248
268464256
268464264
268464272
268464280
268464288
268464296
268464304
268464312
268464320
268464328
268464336
268464344
268464352
268464360
268464368
268464376
268464384
268464392
268464400
268464408
268464416
268464424
268464432
268464440
268464448
268464456
268464464
268464472
268464480
268464488
268464496
268464504
268464512
268464520
268464528
268464536
268464544
268464552
268464560
268464568
268464576
268464584
268464592
268464600
268464608
268464616
268464624
268464632
268464640
268464648
268464656
268464664
268464672
268464680
268464688
268464696
268464704
268464712
268464720
268464728
268464736
268464744
268464752
268464760
268464768
268464776
268464784
268464792
268464800
268464808
268464816
268464824
268464832
268464840
268464848
268464856
268464864
268464872
268464880
268464888
268464896
268464904
268464912
268464920
268464928
268464936
268464944
268464952
268464960
268464968
268464976
268464984
268464992
268465000
268465008
268465016
268465024
268465032
268465040
268465048
268465056
268465064
268465072
268465080
268465088
268465096
268465104
268465112
268465120
268465128
268465136
268465144
268465152
268465160
268465168
268465176
268465184
268465192
268465200
268465208
268465216
268465224
268465232
268465240
268465248
268465256
268465264
268465272
268465280
268465288
268465296
268465304
268465312
268465320
268465328
268465336
268465344
268465352
268465360
268465368
268465376
268465384
268465392
268465400
268465408
268465416
268465424
268465432
268465440
268465448
268465456
268465464
268465472
268465480
268465488
268465496
268465504
268465512
268465520
268465528
268465536
268465544
268465552
268465560
268465568
268465576
268465584
268465592
268465600
268465608
268465616
268465624
268465632
268465640
268465648
268465656
268465664
268465672
268465680
268465688
268465696
268465704
268465712
268465720
268465728
268465736
268465744
268465752
268465760
268465768
268465776
268465784
268465792
268465800
268465808
268465816
268465824
268465832
268465840
268465848
268465856
268465864
268465872
268465880
268465888
268465896
268465904
268465912
268465920
268465928
268465936
268465944
268465952
268465960
268465968
268465976
268465984
268465992
268466000
268466008
268466016
268466024
268466032
268466040
268466048
268466056
268466064
268466072
268466080
268466088
268466096
268466104
268466112
268466120
268466128
268466136
268466144
268466152
268466160
268466168
268466176
268466184
268466192
268466200
268466208
268466216
268466224
268466232
268466240
268466248
268466256
268466264
268466272
268466280
268466288
268466296
268466304
268466312
268466320
268466328
268466336
268466344
268466352
268466360
268466368
268466376
268466384
268466392
268466400
268466408
268466416
268466424
268466432
268466440
268466448
268466456
268466464
268466472
268466480
268466488
268466496
268466504
268466512
268466520
268466528
268466536
268466544
268466552
268466560
268466568
268466576
268466584
268466592
268466600
268466608
268466616
268466624
268466632
268466640
268466648
268466656
268466664
268466672
268466680
268466688
268466696
268466704
268466712
268466720
268466728
268466736
268466744
268466752
268466760
268466768
268466776
268466784
268466792
268466800
268466808
268466816
268466824
268466832
268466840
268466848
268466856
268466864
268466872
268466880
268466888
268466896
268466904
268466912
268466920
268466928
268466936
268466944
268466952
268466960
268466968
268466976
268466984
268466992
268467000
268467008
268467016
268467024
268467032
268467040
268467048
268467056
268467064
268467072
268467080
268467088
268467096
268467104
268467112
268467120
268467128
268467136
268467144
268467152
268467160
268467168
268467176
268467184
268467192
268467200
268467208
268467216
268467224
268467232
268467240
268467248
268467256
268467264
268467272
268467280
268467288
268467296
268467304
268467312
268467320
268467328
268467336
268467344
268467352
268467360
268467368
268467376
268467384
268467392
268467400
268467408
268467416
268467424
268467432
268467440
268467448
268467456
268467464
268467472
268467480
268467488
268467496
268467504
268467512
268467520
268467528
268467536
268467544
268467552
268467560
268467568
268467576
268467584
268467592
268467600
268467608
268467616
268467624
268467632
268467640
268467648
268467656
268467664
268467672
268467680
268467688
268467696
268467704
268467712
268467720
268467728
268467736
268467744
268467752
268467760
268467768
268467776
268467784
268467792
268467800
268467808
268467816
268467824
268467832
268467840
268467848
268467856
268467864
268467872
268467880
268467888
268467896
268467904
268467912
268467920
268467928
268467936
268467944
268467952
268467960
268467968
268467976
268467984
268467992
268468000
268468008
268468016
268468024
268468032
268468040
268468048
268468056
268468064
268468072
268468080
268468088
268468096
268468104
268468112
268468120
268468128
268468136
268468144
268468152
268468160
268468168
268468176
268468184
268468192
268468200
268468208
268468216
